// Jest Snapshot v1, https://goo.gl/fbAQLP

exports[`Breadcrumbs component should render Breadcrumb component 1`] = `
<div>
  <nav
    class="MuiTypography-root MuiTypography-body1 MuiBreadcrumbs-root css-63vwl1-MuiTypography-root-MuiBreadcrumbs-root"
  >
    <ol
      class="MuiBreadcrumbs-ol css-4pdmu4-MuiBreadcrumbs-ol"
    >
      <li
        class="MuiBreadcrumbs-li"
      >
        <p
          class="MuiTypography-root MuiTypography-body1 css-i4iwuk-MuiTypography-root"
        >
          <a
            href="/"
          >
            Dashboard
          </a>
        </p>
      </li>
      <li
        aria-hidden="true"
        class="MuiBreadcrumbs-separator css-1wuw8dw-MuiBreadcrumbs-separator"
      >
        /
      </li>
      <li
        class="MuiBreadcrumbs-li"
      >
        <p
          class="MuiTypography-root MuiTypography-body1 css-i4iwuk-MuiTypography-root"
        >
          <a
            href="/"
          >
            Management
          </a>
        </p>
      </li>
      <li
        aria-hidden="true"
        class="MuiBreadcrumbs-separator css-1wuw8dw-MuiBreadcrumbs-separator"
      >
        /
      </li>
      <li
        class="MuiBreadcrumbs-li"
      >
        <p
          class="MuiTypography-root MuiTypography-body1 css-8vdomm-MuiTypography-root"
        >
          Products
        </p>
      </li>
    </ol>
  </nav>
</div>
`;
