// Jest Snapshot v1, https://goo.gl/fbAQLP

exports[`Breadcrumbs component should render Breadcrumb component 1`] = `[Function]`;
