// Jest Snapshot v1, https://goo.gl/fbAQLP

exports[`Search component should render Search 1`] = `
<div
  aria-hidden="true"
/>
`;
