// Jest Snapshot v1, https://goo.gl/fbAQLP

exports[`Logo component should render Logo component 1`] = `
<div>
  <a
    href="/"
    style="max-width: 40px; max-height: 40px;"
  >
    <img
      alt="logo"
      data-nimg="1"
      decoding="async"
      height="40"
      loading="eager"
      src="/_next/image?url=%2Fimg.jpg&w=96&q=40"
      srcset="/_next/image?url=%2Fimg.jpg&w=48&q=40 1x, /_next/image?url=%2Fimg.jpg&w=96&q=40 2x"
      style="color: transparent;"
      width="40"
    />
  </a>
</div>
`;
