// Jest Snapshot v1, https://goo.gl/fbAQLP

exports[`Customer Detail Page should render Customer Page 1`] = `
<div>
  <div
    class="MuiContainer-root MuiContainer-maxWidthLg css-1qmdd7f-MuiContainer-root"
  >
    <button
      class="MuiButtonBase-root MuiButton-root MuiButton-text MuiButton-textPrimary MuiButton-sizeMedium MuiButton-textSizeMedium MuiButton-root MuiButton-text MuiButton-textPrimary MuiButton-sizeMedium MuiButton-textSizeMedium css-1poohah-MuiButtonBase-root-MuiButton-root"
      tabindex="0"
      type="button"
    >
      <span
        class="MuiButton-startIcon MuiButton-iconSizeMedium css-1d6wzja-MuiButton-startIcon"
      >
        <svg
          aria-hidden="true"
          class="MuiSvgIcon-root MuiSvgIcon-fontSizeSmall css-ptiqhd-MuiSvgIcon-root"
          data-testid="ArrowBackIcon"
          focusable="false"
          viewBox="0 0 24 24"
        >
          <path
            d="M20 11H7.83l5.59-5.59L12 4l-8 8 8 8 1.41-1.41L7.83 13H20v-2z"
          />
        </svg>
      </span>
      Customers
      <span
        class="MuiTouchRipple-root css-8je8zh-MuiTouchRipple-root"
      />
    </button>
    <div
      class="MuiBox-root css-69i1ev"
    >
      <div
        class="MuiBox-root css-10egq61"
      >
        <div
          class="MuiAvatar-root MuiAvatar-circular MuiAvatar-colorDefault css-1jket8t-MuiAvatar-root"
        >
          KD
        </div>
        <div
          class="MuiBox-root css-j7qwjs"
        >
          <p
            class="MuiTypography-root MuiTypography-body1 css-cl9w63-MuiTypography-root"
          >
            adam.dennisov@devias.io
          </p>
          <p
            class="MuiTypography-root MuiTypography-body1 css-ahj2mt-MuiTypography-root"
          >
            user_id: 
            <div
              class="MuiChip-root MuiChip-filled MuiChip-sizeMedium MuiChip-colorDefault MuiChip-filledDefault css-1pr1je5-MuiChip-root"
            >
              <span
                class="MuiChip-label MuiChip-labelMedium css-6od3lo-MuiChip-label"
              >
                5e86805e2bafd54f66cc95c3
              </span>
            </div>
          </p>
        </div>
      </div>
      <div
        class="MuiBox-root css-10egq61"
      >
        <button
          class="MuiButtonBase-root MuiButton-root MuiButton-outlined MuiButton-outlinedSecondary MuiButton-sizeMedium MuiButton-outlinedSizeMedium MuiButton-root MuiButton-outlined MuiButton-outlinedSecondary MuiButton-sizeMedium MuiButton-outlinedSizeMedium css-4kuqcy-MuiButtonBase-root-MuiButton-root"
          tabindex="0"
          type="button"
        >
          Edit
          <span
            class="MuiButton-endIcon MuiButton-iconSizeMedium css-9tj150-MuiButton-endIcon"
          >
            <svg
              aria-hidden="true"
              class="MuiSvgIcon-root MuiSvgIcon-fontSizeSmall css-ptiqhd-MuiSvgIcon-root"
              data-testid="BorderColorIcon"
              focusable="false"
              viewBox="0 0 24 24"
            >
              <path
                d="M22 24H2v-4h20v4zM13.06 5.19l3.75 3.75L7.75 18H4v-3.75l9.06-9.06zm4.82 2.68-3.75-3.75 1.83-1.83c.39-.39 1.02-.39 1.41 0l2.34 2.34c.39.39.39 1.02 0 1.41l-1.83 1.83z"
              />
            </svg>
          </span>
          <span
            class="MuiTouchRipple-root css-8je8zh-MuiTouchRipple-root"
          />
        </button>
        <button
          class="MuiButtonBase-root MuiButton-root MuiButton-contained MuiButton-containedSecondary MuiButton-sizeMedium MuiButton-containedSizeMedium MuiButton-root MuiButton-contained MuiButton-containedSecondary MuiButton-sizeMedium MuiButton-containedSizeMedium css-1vq0tjk-MuiButtonBase-root-MuiButton-root"
          tabindex="0"
          type="button"
        >
          Actions
          <span
            class="MuiButton-endIcon MuiButton-iconSizeMedium css-9tj150-MuiButton-endIcon"
          >
            <svg
              aria-hidden="true"
              class="MuiSvgIcon-root MuiSvgIcon-fontSizeSmall css-ptiqhd-MuiSvgIcon-root"
              data-testid="ArrowDropDownIcon"
              focusable="false"
              viewBox="0 0 24 24"
            >
              <path
                d="m7 10 5 5 5-5z"
              />
            </svg>
          </span>
          <span
            class="MuiTouchRipple-root css-8je8zh-MuiTouchRipple-root"
          />
        </button>
      </div>
    </div>
    <div
      class="MuiPaper-root MuiPaper-elevation MuiPaper-rounded MuiPaper-elevation1 MuiCard-root css-w2s3lu-MuiPaper-root-MuiCard-root"
    >
      <p
        class="MuiTypography-root MuiTypography-body1 css-nwmvc1-MuiTypography-root"
      >
        Basic details
      </p>
      <hr
        class="MuiDivider-root MuiDivider-fullWidth css-9mgopn-MuiDivider-root"
      />
      <table
        class="MuiTable-root css-rqglhn-MuiTable-root"
      >
        <tbody
          class="MuiTableBody-root css-apqrd9-MuiTableBody-root"
        >
          <tr
            class="MuiTableRow-root css-1q1u3t4-MuiTableRow-root"
          >
            <td
              class="MuiTableCell-root MuiTableCell-body MuiTableCell-sizeMedium css-1lboj5o-MuiTableCell-root"
            >
              Email
            </td>
            <td
              class="MuiTableCell-root MuiTableCell-body MuiTableCell-sizeMedium css-1w745c-MuiTableCell-root"
            >
              adam.denisov@devias.io
            </td>
          </tr>
          <tr
            class="MuiTableRow-root css-1q1u3t4-MuiTableRow-root"
          >
            <td
              class="MuiTableCell-root MuiTableCell-body MuiTableCell-sizeMedium css-1lboj5o-MuiTableCell-root"
            >
              Phone
            </td>
            <td
              class="MuiTableCell-root MuiTableCell-body MuiTableCell-sizeMedium css-1w745c-MuiTableCell-root"
            >
              +55 748 327 439
            </td>
          </tr>
          <tr
            class="MuiTableRow-root css-1q1u3t4-MuiTableRow-root"
          >
            <td
              class="MuiTableCell-root MuiTableCell-body MuiTableCell-sizeMedium css-1lboj5o-MuiTableCell-root"
            >
              Country
            </td>
            <td
              class="MuiTableCell-root MuiTableCell-body MuiTableCell-sizeMedium css-1w745c-MuiTableCell-root"
            >
              Germany
            </td>
          </tr>
          <tr
            class="MuiTableRow-root css-1q1u3t4-MuiTableRow-root"
          >
            <td
              class="MuiTableCell-root MuiTableCell-body MuiTableCell-sizeMedium css-1lboj5o-MuiTableCell-root"
            >
              State/Region
            </td>
            <td
              class="MuiTableCell-root MuiTableCell-body MuiTableCell-sizeMedium css-1w745c-MuiTableCell-root"
            >
              Munich
            </td>
          </tr>
          <tr
            class="MuiTableRow-root css-1q1u3t4-MuiTableRow-root"
          >
            <td
              class="MuiTableCell-root MuiTableCell-body MuiTableCell-sizeMedium css-1lboj5o-MuiTableCell-root"
            >
              Address 1
            </td>
            <td
              class="MuiTableCell-root MuiTableCell-body MuiTableCell-sizeMedium css-1w745c-MuiTableCell-root"
            >
              Street John Wick, no. 7
            </td>
          </tr>
          <tr
            class="MuiTableRow-root css-1q1u3t4-MuiTableRow-root"
          >
            <td
              class="MuiTableCell-root MuiTableCell-body MuiTableCell-sizeMedium css-1lboj5o-MuiTableCell-root"
            >
              Address 2
            </td>
            <td
              class="MuiTableCell-root MuiTableCell-body MuiTableCell-sizeMedium css-1w745c-MuiTableCell-root"
            >
              House #25
            </td>
          </tr>
        </tbody>
      </table>
      <hr
        class="MuiDivider-root MuiDivider-fullWidth css-9mgopn-MuiDivider-root"
      />
      <div
        class="MuiBox-root css-19jwp2a"
      >
        <button
          class="MuiButtonBase-root MuiButton-root MuiButton-outlined MuiButton-outlinedSecondary MuiButton-sizeMedium MuiButton-outlinedSizeMedium MuiButton-root MuiButton-outlined MuiButton-outlinedSecondary MuiButton-sizeMedium MuiButton-outlinedSizeMedium css-32t2qo-MuiButtonBase-root-MuiButton-root"
          tabindex="0"
          type="button"
        >
          Reset & Send Password
          <span
            class="MuiTouchRipple-root css-8je8zh-MuiTouchRipple-root"
          />
        </button>
        <button
          class="MuiButtonBase-root MuiButton-root MuiButton-text MuiButton-textSecondary MuiButton-sizeMedium MuiButton-textSizeMedium MuiButton-root MuiButton-text MuiButton-textSecondary MuiButton-sizeMedium MuiButton-textSizeMedium css-1o1hadd-MuiButtonBase-root-MuiButton-root"
          tabindex="0"
          type="button"
        >
          Login as Customer
          <span
            class="MuiTouchRipple-root css-8je8zh-MuiTouchRipple-root"
          />
        </button>
      </div>
    </div>
    <div
      class="MuiPaper-root MuiPaper-elevation MuiPaper-rounded MuiPaper-elevation1 MuiCard-root css-w2s3lu-MuiPaper-root-MuiCard-root"
    >
      <p
        class="MuiTypography-root MuiTypography-body1 css-nwmvc1-MuiTypography-root"
      >
        Payment
      </p>
      <hr
        class="MuiDivider-root MuiDivider-fullWidth css-9mgopn-MuiDivider-root"
      />
      <table
        class="MuiTable-root css-rqglhn-MuiTable-root"
      >
        <tbody
          class="MuiTableBody-root css-apqrd9-MuiTableBody-root"
        >
          <tr
            class="MuiTableRow-root css-1q1u3t4-MuiTableRow-root"
          >
            <td
              class="MuiTableCell-root MuiTableCell-body MuiTableCell-sizeMedium css-1lboj5o-MuiTableCell-root"
            >
              Credit Card
            </td>
            <td
              class="MuiTableCell-root MuiTableCell-body MuiTableCell-sizeMedium css-1w745c-MuiTableCell-root"
            >
              **** **** **** **** 4142
            </td>
          </tr>
          <tr
            class="MuiTableRow-root css-1q1u3t4-MuiTableRow-root"
          >
            <td
              class="MuiTableCell-root MuiTableCell-body MuiTableCell-sizeMedium css-1lboj5o-MuiTableCell-root"
            >
              Paid
            </td>
            <td
              class="MuiTableCell-root MuiTableCell-body MuiTableCell-sizeMedium css-1w745c-MuiTableCell-root"
            >
              2 ($50.00)
            </td>
          </tr>
          <tr
            class="MuiTableRow-root css-1q1u3t4-MuiTableRow-root"
          >
            <td
              class="MuiTableCell-root MuiTableCell-body MuiTableCell-sizeMedium css-1lboj5o-MuiTableCell-root"
            >
              Draft
            </td>
            <td
              class="MuiTableCell-root MuiTableCell-body MuiTableCell-sizeMedium css-1w745c-MuiTableCell-root"
            >
              2 ($50.00)
            </td>
          </tr>
          <tr
            class="MuiTableRow-root css-1q1u3t4-MuiTableRow-root"
          >
            <td
              class="MuiTableCell-root MuiTableCell-body MuiTableCell-sizeMedium css-1lboj5o-MuiTableCell-root"
            >
              Unpaid/Due
            </td>
            <td
              class="MuiTableCell-root MuiTableCell-body MuiTableCell-sizeMedium css-1w745c-MuiTableCell-root"
            >
              2 ($50.00)
            </td>
          </tr>
          <tr
            class="MuiTableRow-root css-1q1u3t4-MuiTableRow-root"
          >
            <td
              class="MuiTableCell-root MuiTableCell-body MuiTableCell-sizeMedium css-1lboj5o-MuiTableCell-root"
            >
              Refunded
            </td>
            <td
              class="MuiTableCell-root MuiTableCell-body MuiTableCell-sizeMedium css-1w745c-MuiTableCell-root"
            >
              2 ($50.00)
            </td>
          </tr>
          <tr
            class="MuiTableRow-root css-1q1u3t4-MuiTableRow-root"
          >
            <td
              class="MuiTableCell-root MuiTableCell-body MuiTableCell-sizeMedium css-1lboj5o-MuiTableCell-root"
            >
              Gross Income
            </td>
            <td
              class="MuiTableCell-root MuiTableCell-body MuiTableCell-sizeMedium css-1w745c-MuiTableCell-root"
            >
              $1,200.00
            </td>
          </tr>
        </tbody>
      </table>
      <hr
        class="MuiDivider-root MuiDivider-fullWidth css-9mgopn-MuiDivider-root"
      />
      <div
        class="MuiBox-root css-19jwp2a"
      >
        <button
          class="MuiButtonBase-root MuiButton-root MuiButton-outlined MuiButton-outlinedSecondary MuiButton-sizeMedium MuiButton-outlinedSizeMedium MuiButton-root MuiButton-outlined MuiButton-outlinedSecondary MuiButton-sizeMedium MuiButton-outlinedSizeMedium css-32t2qo-MuiButtonBase-root-MuiButton-root"
          tabindex="0"
          type="button"
        >
          Create Invoice
          <span
            class="MuiTouchRipple-root css-8je8zh-MuiTouchRipple-root"
          />
        </button>
        <button
          class="MuiButtonBase-root MuiButton-root MuiButton-text MuiButton-textSecondary MuiButton-sizeMedium MuiButton-textSizeMedium MuiButton-root MuiButton-text MuiButton-textSecondary MuiButton-sizeMedium MuiButton-textSizeMedium css-1o1hadd-MuiButtonBase-root-MuiButton-root"
          tabindex="0"
          type="button"
        >
          Resend Due Invoices
          <span
            class="MuiTouchRipple-root css-8je8zh-MuiTouchRipple-root"
          />
        </button>
      </div>
    </div>
    <div
      class="MuiPaper-root MuiPaper-elevation MuiPaper-rounded MuiPaper-elevation1 MuiCard-root css-w2s3lu-MuiPaper-root-MuiCard-root"
    >
      <p
        class="MuiTypography-root MuiTypography-body1 css-nwmvc1-MuiTypography-root"
      >
        Data Management
      </p>
      <hr
        class="MuiDivider-root MuiDivider-fullWidth css-9mgopn-MuiDivider-root"
      />
      <div
        class="MuiBox-root css-19kzrtu"
      >
        <button
          class="MuiButtonBase-root MuiButton-root MuiButton-outlined MuiButton-outlinedError MuiButton-sizeMedium MuiButton-outlinedSizeMedium MuiButton-root MuiButton-outlined MuiButton-outlinedError MuiButton-sizeMedium MuiButton-outlinedSizeMedium css-qpeyd2-MuiButtonBase-root-MuiButton-root"
          tabindex="0"
          type="button"
        >
          Deleted account
          <span
            class="MuiTouchRipple-root css-8je8zh-MuiTouchRipple-root"
          />
        </button>
        <p
          class="MuiTypography-root MuiTypography-body1 css-uz005g-MuiTypography-root"
        >
          Remove this customer’s data if he requested that, if not please be aware that what has been deleted can never brough back.
        </p>
      </div>
    </div>
  </div>
</div>
`;
