// Jest Snapshot v1, https://goo.gl/fbAQLP

exports[`Dialog component should render Dialog component 1`] = `
<div
  aria-hidden="true"
/>
`;
