// Jest Snapshot v1, https://goo.gl/fbAQLP

exports[`Create Products Page should render create Products Page component 1`] = `
<div>
  <div
    class="MuiContainer-root MuiContainer-maxWidthLg css-1qmdd7f-MuiContainer-root"
  >
    <div
      class="MuiBox-root css-1b6n4o1"
    >
      <h2
        class="MuiTypography-root MuiTypography-h2 css-56movi-MuiTypography-root"
      >
        Create a new product
      </h2>
      <nav
        class="MuiTypography-root MuiTypography-body1 MuiBreadcrumbs-root css-8ovona-MuiTypography-root-MuiBreadcrumbs-root"
      >
        <ol
          class="MuiBreadcrumbs-ol css-4pdmu4-MuiBreadcrumbs-ol"
        >
          <li
            class="MuiBreadcrumbs-li"
          >
            <p
              class="MuiTypography-root MuiTypography-body1 css-i4iwuk-MuiTypography-root"
            >
              <a
                href="/"
              >
                Dashboard
              </a>
            </p>
          </li>
          <li
            aria-hidden="true"
            class="MuiBreadcrumbs-separator css-1wuw8dw-MuiBreadcrumbs-separator"
          >
            /
          </li>
          <li
            class="MuiBreadcrumbs-li"
          >
            <p
              class="MuiTypography-root MuiTypography-body1 css-i4iwuk-MuiTypography-root"
            >
              <a
                href="/"
              >
                Management
              </a>
            </p>
          </li>
          <li
            aria-hidden="true"
            class="MuiBreadcrumbs-separator css-1wuw8dw-MuiBreadcrumbs-separator"
          >
            /
          </li>
          <li
            class="MuiBreadcrumbs-li"
          >
            <p
              class="MuiTypography-root MuiTypography-body1 css-8vdomm-MuiTypography-root"
            >
              Create
            </p>
          </li>
        </ol>
      </nav>
    </div>
    <div
      class="MuiPaper-root MuiPaper-elevation MuiPaper-rounded MuiPaper-elevation1 MuiCard-root css-1qwdabd-MuiPaper-root-MuiCard-root"
    >
      <p
        class="MuiTypography-root MuiTypography-body1 css-nh3o6o-MuiTypography-root"
      >
        Basic details
      </p>
      <div
        class="MuiBox-root css-risi4c"
      >
        <div
          class="MuiFormControl-root MuiFormControl-fullWidth MuiTextField-root css-xne6jv-MuiFormControl-root-MuiTextField-root"
        >
          <label
            class="MuiFormLabel-root MuiInputLabel-root MuiInputLabel-formControl MuiInputLabel-animated MuiInputLabel-outlined MuiFormLabel-colorSecondary MuiInputLabel-root MuiInputLabel-formControl MuiInputLabel-animated MuiInputLabel-outlined css-qmlsft-MuiFormLabel-root-MuiInputLabel-root"
            data-shrink="false"
            for="outlined-required"
            id="outlined-required-label"
          >
            Product Name
          </label>
          <div
            class="MuiInputBase-root MuiOutlinedInput-root MuiInputBase-colorSecondary MuiInputBase-fullWidth MuiInputBase-formControl css-1cswynb-MuiInputBase-root-MuiOutlinedInput-root"
          >
            <input
              aria-describedby="outlined-required-helper-text"
              aria-invalid="false"
              autocomplete="false"
              class="MuiInputBase-input MuiOutlinedInput-input css-1t8l2tu-MuiInputBase-input-MuiOutlinedInput-input"
              id="outlined-required"
              name="name"
              type="text"
              value=""
            />
            <fieldset
              aria-hidden="true"
              class="MuiOutlinedInput-notchedOutline css-1d3z3hw-MuiOutlinedInput-notchedOutline"
            >
              <legend
                class="css-yjsfm1"
              >
                <span>
                  Product Name
                </span>
              </legend>
            </fieldset>
          </div>
          <p
            class="MuiFormHelperText-root MuiFormHelperText-sizeMedium MuiFormHelperText-contained css-1wc848c-MuiFormHelperText-root"
            id="outlined-required-helper-text"
          >
            name is a required field
          </p>
        </div>
        <p
          class="MuiTypography-root MuiTypography-body1 css-ahj2mt-MuiTypography-root"
        >
          Description
        </p>
        <div
          class="MuiFormControl-root MuiTextField-root css-1u3bzj6-MuiFormControl-root-MuiTextField-root"
        >
          <div
            class="MuiInputBase-root MuiOutlinedInput-root MuiInputBase-colorPrimary MuiInputBase-formControl MuiInputBase-multiline css-dpjnhs-MuiInputBase-root-MuiOutlinedInput-root"
          >
            <textarea
              aria-invalid="false"
              class="MuiInputBase-input MuiOutlinedInput-input MuiInputBase-inputMultiline css-1sqnrkk-MuiInputBase-input-MuiOutlinedInput-input"
              id=":r1:"
              placeholder="write something"
              rows="5"
              style="height: 0px; overflow: hidden;"
            />
            <textarea
              aria-hidden="true"
              class="MuiInputBase-input MuiOutlinedInput-input MuiInputBase-inputMultiline css-1sqnrkk-MuiInputBase-input-MuiOutlinedInput-input"
              readonly=""
              style="visibility: hidden; position: absolute; overflow: hidden; height: 0px; top: 0px; left: 0px; transform: translateZ(0); padding: 0px; width: 100%;"
              tabindex="-1"
            />
            <fieldset
              aria-hidden="true"
              class="MuiOutlinedInput-notchedOutline css-1d3z3hw-MuiOutlinedInput-notchedOutline"
            >
              <legend
                class="css-ihdtdm"
              >
                <span
                  class="notranslate"
                >
                  â€‹
                </span>
              </legend>
            </fieldset>
          </div>
        </div>
      </div>
    </div>
    <div
      class="MuiPaper-root MuiPaper-elevation MuiPaper-rounded MuiPaper-elevation1 MuiCard-root css-1qwdabd-MuiPaper-root-MuiCard-root"
    >
      <p
        class="MuiTypography-root MuiTypography-body1 css-nh3o6o-MuiTypography-root"
      >
        Pricing
      </p>
      <div
        class="MuiBox-root css-risi4c"
      >
        <div
          class="MuiFormControl-root MuiFormControl-fullWidth MuiTextField-root css-xne6jv-MuiFormControl-root-MuiTextField-root"
        >
          <label
            class="MuiFormLabel-root MuiInputLabel-root MuiInputLabel-formControl MuiInputLabel-animated MuiInputLabel-outlined MuiFormLabel-colorSecondary MuiInputLabel-root MuiInputLabel-formControl MuiInputLabel-animated MuiInputLabel-outlined css-qmlsft-MuiFormLabel-root-MuiInputLabel-root"
            data-shrink="false"
            for="outlined-required"
            id="outlined-required-label"
          >
            Old Price
          </label>
          <div
            class="MuiInputBase-root MuiOutlinedInput-root MuiInputBase-colorSecondary MuiInputBase-fullWidth MuiInputBase-formControl css-1cswynb-MuiInputBase-root-MuiOutlinedInput-root"
          >
            <input
              aria-invalid="false"
              autocomplete="false"
              class="MuiInputBase-input MuiOutlinedInput-input css-1t8l2tu-MuiInputBase-input-MuiOutlinedInput-input"
              id="outlined-required"
              name="oldPrice"
              type="number"
              value=""
            />
            <fieldset
              aria-hidden="true"
              class="MuiOutlinedInput-notchedOutline css-1d3z3hw-MuiOutlinedInput-notchedOutline"
            >
              <legend
                class="css-yjsfm1"
              >
                <span>
                  Old Price
                </span>
              </legend>
            </fieldset>
          </div>
        </div>
        <div
          class="MuiFormControl-root MuiFormControl-fullWidth MuiTextField-root css-xne6jv-MuiFormControl-root-MuiTextField-root"
        >
          <label
            class="MuiFormLabel-root MuiInputLabel-root MuiInputLabel-formControl MuiInputLabel-animated MuiInputLabel-shrink MuiInputLabel-outlined MuiFormLabel-colorSecondary MuiFormLabel-filled MuiInputLabel-root MuiInputLabel-formControl MuiInputLabel-animated MuiInputLabel-shrink MuiInputLabel-outlined css-1agiy4x-MuiFormLabel-root-MuiInputLabel-root"
            data-shrink="true"
            for="outlined-required"
            id="outlined-required-label"
          >
            New Price
          </label>
          <div
            class="MuiInputBase-root MuiOutlinedInput-root MuiInputBase-colorSecondary MuiInputBase-fullWidth MuiInputBase-formControl css-1cswynb-MuiInputBase-root-MuiOutlinedInput-root"
          >
            <input
              aria-invalid="false"
              autocomplete="false"
              class="MuiInputBase-input MuiOutlinedInput-input css-1t8l2tu-MuiInputBase-input-MuiOutlinedInput-input"
              id="outlined-required"
              name="newPrice"
              type="number"
              value="0"
            />
            <fieldset
              aria-hidden="true"
              class="MuiOutlinedInput-notchedOutline css-1d3z3hw-MuiOutlinedInput-notchedOutline"
            >
              <legend
                class="css-14lo706"
              >
                <span>
                  New Price
                </span>
              </legend>
            </fieldset>
          </div>
        </div>
        <div
          class="MuiBox-root css-70qvj9"
        >
          <label
            class="MuiFormControlLabel-root MuiFormControlLabel-labelPlacementEnd css-j204z7-MuiFormControlLabel-root"
          >
            <span
              class="MuiSwitch-root MuiSwitch-sizeMedium css-julti5-MuiSwitch-root"
            >
              <span
                class="MuiButtonBase-root MuiSwitch-switchBase MuiSwitch-colorSecondary PrivateSwitchBase-root MuiSwitch-switchBase MuiSwitch-colorSecondary Mui-checked css-12f33q6-MuiButtonBase-root-MuiSwitch-switchBase"
              >
                <input
                  checked=""
                  class="PrivateSwitchBase-input MuiSwitch-input css-1m9pwf3"
                  type="checkbox"
                />
                <span
                  class="MuiSwitch-thumb css-jsexje-MuiSwitch-thumb"
                />
                <span
                  class="MuiTouchRipple-root css-8je8zh-MuiTouchRipple-root"
                />
              </span>
              <span
                class="MuiSwitch-track css-1yjjitx-MuiSwitch-track"
              />
            </span>
          </label>
          <p
            class="MuiTypography-root MuiTypography-body1 css-197tr25-MuiTypography-root"
          >
            Keep selling when stock is empty
          </p>
        </div>
      </div>
    </div>
    <div
      class="MuiPaper-root MuiPaper-elevation MuiPaper-rounded MuiPaper-elevation1 MuiCard-root css-1qwdabd-MuiPaper-root-MuiCard-root"
    >
      <p
        class="MuiTypography-root MuiTypography-body1 css-nh3o6o-MuiTypography-root"
      >
        Category
      </p>
      <div
        class="MuiBox-root css-risi4c"
      >
        <div
          class="MuiFormControl-root css-4yw2xh-MuiFormControl-root"
        >
          <label
            class="MuiFormLabel-root MuiInputLabel-root MuiInputLabel-formControl MuiInputLabel-animated MuiInputLabel-outlined MuiFormLabel-colorSecondary MuiInputLabel-root MuiInputLabel-formControl MuiInputLabel-animated MuiInputLabel-outlined css-qmlsft-MuiFormLabel-root-MuiInputLabel-root"
            data-shrink="false"
            id="label"
          >
            Category
          </label>
          <div
            class="MuiInputBase-root MuiOutlinedInput-root MuiInputBase-colorSecondary MuiInputBase-formControl  css-pcog7j-MuiInputBase-root-MuiOutlinedInput-root-MuiSelect-root"
          >
            <div
              aria-expanded="false"
              aria-haspopup="listbox"
              aria-labelledby="label select"
              class="MuiSelect-select MuiSelect-outlined MuiInputBase-input MuiOutlinedInput-input css-11u53oe-MuiSelect-select-MuiInputBase-input-MuiOutlinedInput-input"
              id="select"
              role="button"
              tabindex="0"
            >
              <span
                class="notranslate"
              >
                â€‹
              </span>
            </div>
            <input
              aria-hidden="true"
              class="MuiSelect-nativeInput css-yf8vq0-MuiSelect-nativeInput"
              tabindex="-1"
              value=""
            />
            <svg
              aria-hidden="true"
              class="MuiSvgIcon-root MuiSvgIcon-fontSizeMedium MuiSelect-icon MuiSelect-iconOutlined css-hfutr2-MuiSvgIcon-root-MuiSelect-icon"
              data-testid="ArrowDropDownIcon"
              focusable="false"
              viewBox="0 0 24 24"
            >
              <path
                d="M7 10l5 5 5-5z"
              />
            </svg>
            <fieldset
              aria-hidden="true"
              class="MuiOutlinedInput-notchedOutline css-1d3z3hw-MuiOutlinedInput-notchedOutline"
            >
              <legend
                class="css-yjsfm1"
              >
                <span>
                  Category
                </span>
              </legend>
            </fieldset>
          </div>
        </div>
        <div
          class="MuiFormControl-root MuiFormControl-fullWidth MuiTextField-root css-xne6jv-MuiFormControl-root-MuiTextField-root"
        >
          <label
            class="MuiFormLabel-root MuiInputLabel-root MuiInputLabel-formControl MuiInputLabel-animated MuiInputLabel-shrink MuiInputLabel-outlined MuiFormLabel-colorSecondary Mui-disabled MuiFormLabel-filled MuiInputLabel-root MuiInputLabel-formControl MuiInputLabel-animated MuiInputLabel-shrink MuiInputLabel-outlined css-1agiy4x-MuiFormLabel-root-MuiInputLabel-root"
            data-shrink="true"
            for="outlined-required"
            id="outlined-required-label"
          >
            Barcode
          </label>
          <div
            class="MuiInputBase-root MuiOutlinedInput-root MuiInputBase-colorSecondary Mui-disabled MuiInputBase-fullWidth MuiInputBase-formControl css-1cswynb-MuiInputBase-root-MuiOutlinedInput-root"
          >
            <input
              aria-invalid="false"
              autocomplete="false"
              class="MuiInputBase-input MuiOutlinedInput-input Mui-disabled css-1t8l2tu-MuiInputBase-input-MuiOutlinedInput-input"
              disabled=""
              id="outlined-required"
              name="barcode"
              type="number"
              value="925487986526"
            />
            <fieldset
              aria-hidden="true"
              class="MuiOutlinedInput-notchedOutline css-1d3z3hw-MuiOutlinedInput-notchedOutline"
            >
              <legend
                class="css-14lo706"
              >
                <span>
                  Barcode
                </span>
              </legend>
            </fieldset>
          </div>
        </div>
        <div
          class="MuiFormControl-root MuiFormControl-fullWidth MuiTextField-root css-xne6jv-MuiFormControl-root-MuiTextField-root"
        >
          <label
            class="MuiFormLabel-root MuiInputLabel-root MuiInputLabel-formControl MuiInputLabel-animated MuiInputLabel-shrink MuiInputLabel-outlined MuiFormLabel-colorSecondary Mui-disabled MuiFormLabel-filled MuiInputLabel-root MuiInputLabel-formControl MuiInputLabel-animated MuiInputLabel-shrink MuiInputLabel-outlined css-1agiy4x-MuiFormLabel-root-MuiInputLabel-root"
            data-shrink="true"
            for="outlined-required"
            id="outlined-required-label"
          >
            SKU
          </label>
          <div
            class="MuiInputBase-root MuiOutlinedInput-root MuiInputBase-colorSecondary Mui-disabled MuiInputBase-fullWidth MuiInputBase-formControl css-1cswynb-MuiInputBase-root-MuiOutlinedInput-root"
          >
            <input
              aria-invalid="false"
              autocomplete="false"
              class="MuiInputBase-input MuiOutlinedInput-input Mui-disabled css-1t8l2tu-MuiInputBase-input-MuiOutlinedInput-input"
              disabled=""
              id="outlined-required"
              name="sku"
              type="text"
              value="IYV-8745"
            />
            <fieldset
              aria-hidden="true"
              class="MuiOutlinedInput-notchedOutline css-1d3z3hw-MuiOutlinedInput-notchedOutline"
            >
              <legend
                class="css-14lo706"
              >
                <span>
                  SKU
                </span>
              </legend>
            </fieldset>
          </div>
        </div>
      </div>
    </div>
    <div
      class="MuiBox-root css-ds0682"
    >
      <button
        class="MuiButtonBase-root MuiButton-root MuiButton-text MuiButton-textSecondary MuiButton-sizeMedium MuiButton-textSizeMedium MuiButton-root MuiButton-text MuiButton-textSecondary MuiButton-sizeMedium MuiButton-textSizeMedium css-1o1hadd-MuiButtonBase-root-MuiButton-root"
        tabindex="0"
        type="button"
      >
        Cancel
        <span
          class="MuiTouchRipple-root css-8je8zh-MuiTouchRipple-root"
        />
      </button>
      <button
        class="MuiButtonBase-root MuiButton-root MuiButton-contained MuiButton-containedSecondary MuiButton-sizeMedium MuiButton-containedSizeMedium MuiButton-root MuiButton-contained MuiButton-containedSecondary MuiButton-sizeMedium MuiButton-containedSizeMedium css-m4c7dp-MuiButtonBase-root-MuiButton-root"
        tabindex="0"
        type="button"
      >
        Create
        <span
          class="MuiTouchRipple-root css-8je8zh-MuiTouchRipple-root"
        />
      </button>
    </div>
  </div>
</div>
`;
